[     687ms] [INFO] %cDownload the React DevTools for a better development experience: https://react.dev/link/react-devtools font-weight:bold @ http://localhost:3000/_next/static/chunks/0juj_next_dist_17f99qy._.js:776
[     731ms] [LOG] [HMR] connected @ http://localhost:3000/_next/static/chunks/0juj_next_dist_17f99qy._.js:776
[   40208ms] [LOG] [Fast Refresh] rebuilding @ http://localhost:3000/_next/static/chunks/0juj_next_dist_17f99qy._.js:776
[   40216ms] [ERROR] ./web/components/connections/scope-picker.tsx:77:7
Error: Expected corresponding JSX closing tag for <details>
  75 |         ))}
  76 |       </ul>
> 77 |     </div>
     |       ^^^
  78 |   );
  79 | }
  80 |

Parsing ecmascript source code failed

Import traces:
  Client Component Browser:
    ./web/components/connections/scope-picker.tsx [Client Component Browser]
    ./web/components/connections/scope-editor.tsx [Client Component Browser]
    ./web/components/connections/scope-editor.tsx [Server Component]
    ./web/components/connections/connection-list.tsx [Server Component]
    ./web/app/(app)/connections/page.tsx [Server Component]

  Client Component SSR:
    ./web/components/connections/scope-picker.tsx [Client Component SSR]
    ./web/components/connections/scope-editor.tsx [Client Component SSR]
    ./web/components/connections/scope-editor.tsx [Server Component]
    ./web/components/connections/connection-list.tsx [Server Component]
    ./web/app/(app)/connections/page.tsx [Server Component] @ http://localhost:3000/_next/static/chunks/0juj_next_dist_17f99qy._.js:1052
[   40273ms] [ERROR] ./web/components/connections/scope-picker.tsx:77:7
Error: Expected corresponding JSX closing tag for <details>
  75 |         ))}
  76 |       </ul>
> 77 |     </div>
     |       ^^^
  78 |   );
  79 | }
  80 |

Parsing ecmascript source code failed

Import traces:
  Client Component Browser:
    ./web/components/connections/scope-picker.tsx [Client Component Browser]
    ./web/components/connections/scope-editor.tsx [Client Component Browser]
    ./web/components/connections/scope-editor.tsx [Server Component]
    ./web/components/connections/connection-list.tsx [Server Component]
    ./web/app/(app)/connections/page.tsx [Server Component]

  Client Component SSR:
    ./web/components/connections/scope-picker.tsx [Client Component SSR]
    ./web/components/connections/scope-editor.tsx [Client Component SSR]
    ./web/components/connections/scope-editor.tsx [Server Component]
    ./web/components/connections/connection-list.tsx [Server Component]
    ./web/app/(app)/connections/page.tsx [Server Component] @ http://localhost:3000/_next/static/chunks/0juj_next_dist_17f99qy._.js:1052
[   43458ms] [LOG] [Fast Refresh] rebuilding @ http://localhost:3000/_next/static/chunks/0juj_next_dist_17f99qy._.js:776
[   43541ms] [LOG] [Fast Refresh] done in 21ms @ http://localhost:3000/_next/static/chunks/0juj_next_dist_17f99qy._.js:776
[   43608ms] [LOG] [Fast Refresh] done in 21ms @ http://localhost:3000/_next/static/chunks/0juj_next_dist_17f99qy._.js:776
[   48210ms] [LOG] [Fast Refresh] rebuilding @ http://localhost:3000/_next/static/chunks/0juj_next_dist_17f99qy._.js:776
[   48218ms] [ERROR] %o

%s ReferenceError: isChanged is not defined
    at ScopeEditor (http://localhost:3000/_next/static/chunks/web_1kh4a6y._.js?id=%255Bproject%255D/web/components/connections/scope-editor.tsx+%255Bapp-client%255D+(ecmascript):56:84)
    at Object.react_stack_bottom_frame (http://localhost:3000/_next/static/chunks/0juj_next_dist_compiled_react-dom_090tbzs._.js:14894:24)
    at renderWithHooks (http://localhost:3000/_next/static/chunks/0juj_next_dist_compiled_react-dom_090tbzs._.js:4425:24)
    at updateFunctionComponent (http://localhost:3000/_next/static/chunks/0juj_next_dist_compiled_react-dom_090tbzs._.js:5892:21)
    at beginWork (http://localhost:3000/_next/static/chunks/0juj_next_dist_compiled_react-dom_090tbzs._.js:6518:24)
    at runWithFiberInDEV (http://localhost:3000/_next/static/chunks/0juj_next_dist_compiled_react-dom_090tbzs._.js:761:74)
    at performUnitOfWork (http://localhost:3000/_next/static/chunks/0juj_next_dist_compiled_react-dom_090tbzs._.js:9385:97)
    at workLoopSync (http://localhost:3000/_next/static/chunks/0juj_next_dist_compiled_react-dom_090tbzs._.js:9279:40)
    at renderRootSync (http://localhost:3000/_next/static/chunks/0juj_next_dist_compiled_react-dom_090tbzs._.js:9263:13)
    at performWorkOnRoot (http://localhost:3000/_next/static/chunks/0juj_next_dist_compiled_react-dom_090tbzs._.js:8928:47)
    at performSyncWorkOnRoot (http://localhost:3000/_next/static/chunks/0juj_next_dist_compiled_react-dom_090tbzs._.js:10093:9)
    at flushSyncWorkAcrossRoots_impl (http://localhost:3000/_next/static/chunks/0juj_next_dist_compiled_react-dom_090tbzs._.js:10009:316)
    at flushSyncWork$1 (http://localhost:3000/_next/static/chunks/0juj_next_dist_compiled_react-dom_090tbzs._.js:9060:86)
    at Object.scheduleRefresh (http://localhost:3000/_next/static/chunks/0juj_next_dist_compiled_react-dom_090tbzs._.js:82:13)
    at http://localhost:3000/_next/static/chunks/0juj_next_dist_compiled_0t2e-3h._.js:589:33
    at Set.forEach (<anonymous>)
    at Object.performReactRefresh (http://localhost:3000/_next/static/chunks/0juj_next_dist_compiled_0t2e-3h._.js:582:38)
    at applyUpdate (http://localhost:3000/_next/static/chunks/0juj_next_dist_compiled_0t2e-3h._.js:137:31)
    at http://localhost:3000/_next/static/chunks/0juj_next_dist_compiled_0t2e-3h._.js:145:13 The above error occurred in the <ScopeEditor> component. It was handled by the <ErrorBoundaryHandler> error boundary. @ http://localhost:3000/_next/static/chunks/0juj_next_dist_client_0n5qobf._.js:17451
[   48220ms] [ERROR] Connections did not load isChanged is not defined @ http://localhost:3000/_next/static/chunks/0juj_next_dist_17f99qy._.js:1052
[   48221ms] [ERROR] Connections did not load isChanged is not defined @ http://localhost:3000/_next/static/chunks/0juj_next_dist_17f99qy._.js:1052
[   48267ms] [LOG] [Fast Refresh] done in 18ms @ http://localhost:3000/_next/static/chunks/0juj_next_dist_17f99qy._.js:776
[   48317ms] [LOG] [Fast Refresh] done in 18ms @ http://localhost:3000/_next/static/chunks/0juj_next_dist_17f99qy._.js:776
[   51757ms] [LOG] [Fast Refresh] rebuilding @ http://localhost:3000/_next/static/chunks/0juj_next_dist_17f99qy._.js:776
[   51832ms] [LOG] [Fast Refresh] done in 72ms @ http://localhost:3000/_next/static/chunks/0juj_next_dist_17f99qy._.js:776
[   51869ms] [LOG] [Fast Refresh] done in 72ms @ http://localhost:3000/_next/static/chunks/0juj_next_dist_17f99qy._.js:776
[   51932ms] [LOG] [Fast Refresh] done in 72ms @ http://localhost:3000/_next/static/chunks/0juj_next_dist_17f99qy._.js:776
